
===========================================================================
 report_power
============================================================================
======================= Fastest Corner ===================================

Group                  Internal  Switching    Leakage      Total
                          Power      Power      Power      Power (Watts)
----------------------------------------------------------------
Sequential             3.42e-04   4.10e-04   8.18e-09   7.52e-04  55.7%
Combinational          2.29e-04   3.68e-04   1.57e-07   5.97e-04  44.3%
Clock                 -5.34e-10   0.00e+00   3.48e-08   3.42e-08   0.0%
Macro                  0.00e+00   0.00e+00   0.00e+00   0.00e+00   0.0%
Pad                    0.00e+00   0.00e+00   0.00e+00   0.00e+00   0.0%
----------------------------------------------------------------
Total                  5.71e-04   7.79e-04   2.00e-07   1.35e-03 100.0%
                          42.3%      57.7%       0.0%

======================= Slowest Corner ===================================

Group                  Internal  Switching    Leakage      Total
                          Power      Power      Power      Power (Watts)
----------------------------------------------------------------
Sequential             2.41e-04   2.72e-04   7.10e-06   5.20e-04  51.4%
Combinational          1.71e-04   2.42e-04   7.89e-05   4.92e-04  48.6%
Clock                 -1.93e-10   0.00e+00   3.49e-08   3.47e-08   0.0%
Macro                  0.00e+00   0.00e+00   0.00e+00   0.00e+00   0.0%
Pad                    0.00e+00   0.00e+00   0.00e+00   0.00e+00   0.0%
----------------------------------------------------------------
Total                  4.12e-04   5.14e-04   8.61e-05   1.01e-03 100.0%
                          40.7%      50.8%       8.5%

======================= Typical Corner ===================================

Group                  Internal  Switching    Leakage      Total
                          Power      Power      Power      Power (Watts)
----------------------------------------------------------------
Sequential             3.00e-04   3.46e-04   4.11e-09   6.46e-04  55.5%
Combinational          2.09e-04   3.10e-04   6.44e-08   5.19e-04  44.5%
Clock                 -2.11e-11   0.00e+00   3.48e-08   3.47e-08   0.0%
Macro                  0.00e+00   0.00e+00   0.00e+00   0.00e+00   0.0%
Pad                    0.00e+00   0.00e+00   0.00e+00   0.00e+00   0.0%
----------------------------------------------------------------
Total                  5.09e-04   6.56e-04   1.03e-07   1.17e-03 100.0%
                          43.7%      56.3%       0.0%

