
===========================================================================
report_checks -unconstrained
===========================================================================
======================= Fastest Corner ===================================

Startpoint: _37944_ (rising edge-triggered flip-flop)
Endpoint: _37986_ (rising edge-triggered flip-flop)
Path Group: unconstrained
Path Type: max
Corner: Fastest

Fanout     Cap    Slew   Delay    Time   Description
-----------------------------------------------------------------------------
                  0.11    0.00    0.00 ^ _37944_/CLK (sky130_fd_sc_hd__dfxtp_1)
     5    0.02    0.06    0.25    0.25 v _37944_/Q (sky130_fd_sc_hd__dfxtp_1)
                                         mantissa_res_non_normalised[105] (net)
                  0.06    0.00    0.26 v _19151_/A (sky130_fd_sc_hd__or3_1)
     3    0.01    0.07    0.26    0.51 v _19151_/X (sky130_fd_sc_hd__or3_1)
                                         _06013_ (net)
                  0.07    0.00    0.51 v _19154_/B (sky130_fd_sc_hd__or4b_1)
     3    0.01    0.08    0.35    0.86 v _19154_/X (sky130_fd_sc_hd__or4b_1)
                                         _06046_ (net)
                  0.08    0.00    0.86 v _19155_/C (sky130_fd_sc_hd__or3_1)
     3    0.01    0.07    0.23    1.09 v _19155_/X (sky130_fd_sc_hd__or3_1)
                                         _06057_ (net)
                  0.07    0.00    1.09 v _19158_/A (sky130_fd_sc_hd__or3b_2)
     4    0.01    0.08    0.33    1.41 v _19158_/X (sky130_fd_sc_hd__or3b_2)
                                         _06090_ (net)
                  0.08    0.00    1.42 v _19161_/A (sky130_fd_sc_hd__nor3_2)
     6    0.02    0.25    0.26    1.68 ^ _19161_/Y (sky130_fd_sc_hd__nor3_2)
                                         _06123_ (net)
                  0.25    0.00    1.68 ^ _19162_/D_N (sky130_fd_sc_hd__or4b_2)
     4    0.01    0.09    0.39    2.06 v _19162_/X (sky130_fd_sc_hd__or4b_2)
                                         _06134_ (net)
                  0.09    0.00    2.06 v _19163_/D (sky130_fd_sc_hd__or4_2)
     3    0.01    0.09    0.37    2.44 v _19163_/X (sky130_fd_sc_hd__or4_2)
                                         _06145_ (net)
                  0.09    0.00    2.44 v _19165_/A (sky130_fd_sc_hd__or2_1)
     3    0.01    0.05    0.19    2.62 v _19165_/X (sky130_fd_sc_hd__or2_1)
                                         _06167_ (net)
                  0.05    0.00    2.62 v _19167_/A (sky130_fd_sc_hd__nor2b_1)
     2    0.01    0.10    0.12    2.74 ^ _19167_/Y (sky130_fd_sc_hd__nor2b_1)
                                         _06189_ (net)
                  0.10    0.00    2.74 ^ _19169_/A (sky130_fd_sc_hd__and2_1)
     5    0.02    0.13    0.16    2.90 ^ _19169_/X (sky130_fd_sc_hd__and2_1)
                                         _06211_ (net)
                  0.13    0.00    2.90 ^ _19170_/B (sky130_fd_sc_hd__and2_1)
     4    0.01    0.11    0.15    3.06 ^ _19170_/X (sky130_fd_sc_hd__and2_1)
                                         _06221_ (net)
                  0.11    0.00    3.06 ^ _19171_/C_N (sky130_fd_sc_hd__or3b_2)
     3    0.01    0.08    0.30    3.36 v _19171_/X (sky130_fd_sc_hd__or3b_2)
                                         _06232_ (net)
                  0.08    0.00    3.36 v _19172_/B (sky130_fd_sc_hd__nor2_2)
     7    0.02    0.19    0.18    3.54 ^ _19172_/Y (sky130_fd_sc_hd__nor2_2)
                                         _06243_ (net)
                  0.19    0.00    3.54 ^ _19175_/B (sky130_fd_sc_hd__and3b_1)
     1    0.00    0.04    0.12    3.67 ^ _19175_/X (sky130_fd_sc_hd__and3b_1)
                                         _06276_ (net)
                  0.04    0.00    3.67 ^ _19176_/A (sky130_fd_sc_hd__clkbuf_2)
     8    0.02    0.10    0.13    3.79 ^ _19176_/X (sky130_fd_sc_hd__clkbuf_2)
                                         _06287_ (net)
                  0.10    0.00    3.79 ^ _19181_/A (sky130_fd_sc_hd__nand2_1)
     3    0.01    0.06    0.06    3.86 v _19181_/Y (sky130_fd_sc_hd__nand2_1)
                                         _06342_ (net)
                  0.06    0.00    3.86 v _19182_/D (sky130_fd_sc_hd__or4_2)
     4    0.01    0.09    0.35    4.21 v _19182_/X (sky130_fd_sc_hd__or4_2)
                                         _06353_ (net)
                  0.09    0.00    4.21 v _19185_/B (sky130_fd_sc_hd__or4b_2)
     3    0.01    0.10    0.43    4.65 v _19185_/X (sky130_fd_sc_hd__or4b_2)
                                         _06386_ (net)
                  0.10    0.00    4.65 v _19188_/A (sky130_fd_sc_hd__or3_1)
     3    0.01    0.07    0.28    4.93 v _19188_/X (sky130_fd_sc_hd__or3_1)
                                         _06418_ (net)
                  0.07    0.00    4.93 v _19189_/C (sky130_fd_sc_hd__nor3_2)
     5    0.02    0.26    0.22    5.15 ^ _19189_/Y (sky130_fd_sc_hd__nor3_2)
                                         _06429_ (net)
                  0.26    0.00    5.15 ^ _19191_/C (sky130_fd_sc_hd__and4bb_2)
     6    0.02    0.11    0.23    5.38 ^ _19191_/X (sky130_fd_sc_hd__and4bb_2)
                                         _06451_ (net)
                  0.11    0.00    5.38 ^ _19193_/B (sky130_fd_sc_hd__and3_2)
     6    0.02    0.09    0.18    5.56 ^ _19193_/X (sky130_fd_sc_hd__and3_2)
                                         _06473_ (net)
                  0.09    0.00    5.56 ^ _19194_/A (sky130_fd_sc_hd__inv_2)
     3    0.01    0.04    0.04    5.60 v _19194_/Y (sky130_fd_sc_hd__inv_2)
                                         _06484_ (net)
                  0.04    0.00    5.60 v _19200_/A (sky130_fd_sc_hd__or2_1)
     3    0.01    0.06    0.18    5.78 v _19200_/X (sky130_fd_sc_hd__or2_1)
                                         _06550_ (net)
                  0.06    0.00    5.78 v _19203_/B (sky130_fd_sc_hd__nor4_1)
     2    0.01    0.25    0.26    6.04 ^ _19203_/Y (sky130_fd_sc_hd__nor4_1)
                                         _06583_ (net)
                  0.25    0.00    6.04 ^ max_cap227/A (sky130_fd_sc_hd__buf_1)
     4    0.01    0.11    0.12    6.16 ^ max_cap227/X (sky130_fd_sc_hd__buf_1)
                                         net227 (net)
                  0.11    0.00    6.16 ^ _19205_/B (sky130_fd_sc_hd__and3_2)
     9    0.03    0.12    0.20    6.36 ^ _19205_/X (sky130_fd_sc_hd__and3_2)
                                         _06605_ (net)
                  0.12    0.00    6.36 ^ _19206_/C_N (sky130_fd_sc_hd__or3b_2)
     5    0.02    0.08    0.32    6.68 v _19206_/X (sky130_fd_sc_hd__or3b_2)
                                         _06616_ (net)
                  0.08    0.00    6.68 v _19208_/A (sky130_fd_sc_hd__nor2_1)
     5    0.02    0.22    0.21    6.89 ^ _19208_/Y (sky130_fd_sc_hd__nor2_1)
                                         _06637_ (net)
                  0.22    0.00    6.89 ^ _19210_/B (sky130_fd_sc_hd__and3b_2)
     7    0.02    0.10    0.20    7.09 ^ _19210_/X (sky130_fd_sc_hd__and3b_2)
                                         _06659_ (net)
                  0.10    0.00    7.09 ^ _19211_/C (sky130_fd_sc_hd__and3_2)
     6    0.03    0.12    0.19    7.28 ^ _19211_/X (sky130_fd_sc_hd__and3_2)
                                         _06670_ (net)
                  0.12    0.00    7.28 ^ _19312_/D (sky130_fd_sc_hd__nand4bb_2)
     4    0.02    0.10    0.11    7.39 v _19312_/Y (sky130_fd_sc_hd__nand4bb_2)
                                         _07775_ (net)
                  0.10    0.00    7.40 v _19358_/D_N (sky130_fd_sc_hd__or4b_2)
     2    0.01    0.06    0.19    7.59 ^ _19358_/X (sky130_fd_sc_hd__or4b_2)
                                         _08277_ (net)
                  0.06    0.00    7.59 ^ _19396_/A (sky130_fd_sc_hd__clkbuf_4)
    10    0.05    0.11    0.16    7.74 ^ _19396_/X (sky130_fd_sc_hd__clkbuf_4)
                                         _08690_ (net)
                  0.11    0.00    7.75 ^ _36601_/A (sky130_fd_sc_hd__clkbuf_4)
    10    0.06    0.15    0.20    7.94 ^ _36601_/X (sky130_fd_sc_hd__clkbuf_4)
                                         _10093_ (net)
                  0.15    0.01    7.95 ^ _36723_/A (sky130_fd_sc_hd__clkbuf_4)
    10    0.05    0.12    0.19    8.14 ^ _36723_/X (sky130_fd_sc_hd__clkbuf_4)
                                         _10225_ (net)
                  0.12    0.01    8.15 ^ _36724_/A (sky130_fd_sc_hd__clkbuf_4)
    10    0.06    0.14    0.20    8.35 ^ _36724_/X (sky130_fd_sc_hd__clkbuf_4)
                                         _10226_ (net)
                  0.14    0.00    8.35 ^ _37237_/S (sky130_fd_sc_hd__mux2_1)
     2    0.01    0.08    0.25    8.60 v _37237_/X (sky130_fd_sc_hd__mux2_1)
                                         _10759_ (net)
                  0.08    0.00    8.60 v _37238_/A1 (sky130_fd_sc_hd__mux2_1)
     2    0.01    0.07    0.21    8.82 v _37238_/X (sky130_fd_sc_hd__mux2_1)
                                         _10760_ (net)
                  0.07    0.00    8.82 v _37239_/A1 (sky130_fd_sc_hd__mux2_1)
     2    0.02    0.09    0.23    9.05 v _37239_/X (sky130_fd_sc_hd__mux2_1)
                                         _10762_ (net)
                  0.09    0.00    9.05 v _37401_/A2 (sky130_fd_sc_hd__a21boi_1)
     1    0.02    0.35    0.33    9.38 ^ _37401_/Y (sky130_fd_sc_hd__a21boi_1)
                                         _10920_ (net)
                  0.35    0.00    9.38 ^ _37402_/A0 (sky130_fd_sc_hd__mux2_1)
     1    0.01    0.05    0.13    9.51 ^ _37402_/X (sky130_fd_sc_hd__mux2_1)
                                         _10921_ (net)
                  0.05    0.00    9.51 ^ _37403_/B1 (sky130_fd_sc_hd__o211ai_2)
     1    0.02    0.08    0.07    9.58 v _37403_/Y (sky130_fd_sc_hd__o211ai_2)
                                         _10922_ (net)
                  0.08    0.00    9.58 v _37404_/C1 (sky130_fd_sc_hd__o211a_1)
     1    0.00    0.03    0.08    9.66 v _37404_/X (sky130_fd_sc_hd__o211a_1)
                                         _00479_ (net)
                  0.03    0.00    9.66 v _37986_/D (sky130_fd_sc_hd__dfxtp_1)
                                  9.66   data arrival time
-----------------------------------------------------------------------------
(Path is unconstrained)



======================= Slowest Corner ===================================

Startpoint: _37944_ (rising edge-triggered flip-flop)
Endpoint: _37964_ (rising edge-triggered flip-flop)
Path Group: unconstrained
Path Type: max
Corner: Slowest

Fanout     Cap    Slew   Delay    Time   Description
-----------------------------------------------------------------------------
                  0.21    0.00    0.00 ^ _37944_/CLK (sky130_fd_sc_hd__dfxtp_1)
     5    0.02    0.16    0.77    0.77 v _37944_/Q (sky130_fd_sc_hd__dfxtp_1)
                                         mantissa_res_non_normalised[105] (net)
                  0.16    0.00    0.77 v _19151_/A (sky130_fd_sc_hd__or3_1)
     3    0.01    0.19    1.01    1.78 v _19151_/X (sky130_fd_sc_hd__or3_1)
                                         _06013_ (net)
                  0.19    0.00    1.78 v _19154_/B (sky130_fd_sc_hd__or4b_1)
     3    0.01    0.26    1.41    3.19 v _19154_/X (sky130_fd_sc_hd__or4b_1)
                                         _06046_ (net)
                  0.26    0.00    3.19 v _19155_/C (sky130_fd_sc_hd__or3_1)
     3    0.01    0.19    0.91    4.10 v _19155_/X (sky130_fd_sc_hd__or3_1)
                                         _06057_ (net)
                  0.19    0.00    4.10 v _19158_/A (sky130_fd_sc_hd__or3b_2)
     4    0.01    0.23    1.30    5.40 v _19158_/X (sky130_fd_sc_hd__or3b_2)
                                         _06090_ (net)
                  0.23    0.00    5.40 v _19161_/A (sky130_fd_sc_hd__nor3_2)
     6    0.02    0.55    0.65    6.06 ^ _19161_/Y (sky130_fd_sc_hd__nor3_2)
                                         _06123_ (net)
                  0.55    0.00    6.06 ^ _19162_/D_N (sky130_fd_sc_hd__or4b_2)
     4    0.01    0.29    1.74    7.80 v _19162_/X (sky130_fd_sc_hd__or4b_2)
                                         _06134_ (net)
                  0.29    0.00    7.80 v _19163_/D (sky130_fd_sc_hd__or4_2)
     3    0.01    0.30    1.60    9.40 v _19163_/X (sky130_fd_sc_hd__or4_2)
                                         _06145_ (net)
                  0.30    0.00    9.40 v _19165_/A (sky130_fd_sc_hd__or2_1)
     3    0.01    0.16    0.70   10.10 v _19165_/X (sky130_fd_sc_hd__or2_1)
                                         _06167_ (net)
                  0.16    0.00   10.10 v _19167_/A (sky130_fd_sc_hd__nor2b_1)
     2    0.01    0.24    0.30   10.41 ^ _19167_/Y (sky130_fd_sc_hd__nor2b_1)
                                         _06189_ (net)
                  0.24    0.00   10.41 ^ _19169_/A (sky130_fd_sc_hd__and2_1)
     5    0.02    0.26    0.45   10.86 ^ _19169_/X (sky130_fd_sc_hd__and2_1)
                                         _06211_ (net)
                  0.26    0.00   10.86 ^ _19170_/B (sky130_fd_sc_hd__and2_1)
     4    0.01    0.24    0.44   11.30 ^ _19170_/X (sky130_fd_sc_hd__and2_1)
                                         _06221_ (net)
                  0.24    0.00   11.30 ^ _19171_/C_N (sky130_fd_sc_hd__or3b_2)
     3    0.01    0.23    1.26   12.57 v _19171_/X (sky130_fd_sc_hd__or3b_2)
                                         _06232_ (net)
                  0.23    0.00   12.57 v _19172_/B (sky130_fd_sc_hd__nor2_2)
     7    0.02    0.42    0.45   13.02 ^ _19172_/Y (sky130_fd_sc_hd__nor2_2)
                                         _06243_ (net)
                  0.42    0.00   13.02 ^ _19175_/B (sky130_fd_sc_hd__and3b_1)
     1    0.00    0.10    0.45   13.47 ^ _19175_/X (sky130_fd_sc_hd__and3b_1)
                                         _06276_ (net)
                  0.10    0.00   13.47 ^ _19176_/A (sky130_fd_sc_hd__clkbuf_2)
     8    0.02    0.21    0.32   13.79 ^ _19176_/X (sky130_fd_sc_hd__clkbuf_2)
                                         _06287_ (net)
                  0.21    0.00   13.79 ^ _19181_/A (sky130_fd_sc_hd__nand2_1)
     3    0.01    0.16    0.23   14.02 v _19181_/Y (sky130_fd_sc_hd__nand2_1)
                                         _06342_ (net)
                  0.16    0.00   14.02 v _19182_/D (sky130_fd_sc_hd__or4_2)
     4    0.01    0.29    1.54   15.55 v _19182_/X (sky130_fd_sc_hd__or4_2)
                                         _06353_ (net)
                  0.29    0.00   15.55 v _19185_/B (sky130_fd_sc_hd__or4b_2)
     3    0.01    0.30    1.81   17.36 v _19185_/X (sky130_fd_sc_hd__or4b_2)
                                         _06386_ (net)
                  0.30    0.00   17.36 v _19188_/A (sky130_fd_sc_hd__or3_1)
     3    0.01    0.22    1.10   18.46 v _19188_/X (sky130_fd_sc_hd__or3_1)
                                         _06418_ (net)
                  0.22    0.00   18.46 v _19189_/C (sky130_fd_sc_hd__nor3_2)
     5    0.02    0.58    0.55   19.01 ^ _19189_/Y (sky130_fd_sc_hd__nor3_2)
                                         _06429_ (net)
                  0.58    0.00   19.01 ^ _19191_/C (sky130_fd_sc_hd__and4bb_2)
     6    0.02    0.25    0.83   19.84 ^ _19191_/X (sky130_fd_sc_hd__and4bb_2)
                                         _06451_ (net)
                  0.25    0.00   19.84 ^ _19193_/B (sky130_fd_sc_hd__and3_2)
     6    0.02    0.21    0.58   20.41 ^ _19193_/X (sky130_fd_sc_hd__and3_2)
                                         _06473_ (net)
                  0.21    0.00   20.42 ^ _19194_/A (sky130_fd_sc_hd__inv_2)
     3    0.01    0.09    0.16   20.57 v _19194_/Y (sky130_fd_sc_hd__inv_2)
                                         _06484_ (net)
                  0.09    0.00   20.58 v _19200_/A (sky130_fd_sc_hd__or2_1)
     3    0.01    0.18    0.63   21.21 v _19200_/X (sky130_fd_sc_hd__or2_1)
                                         _06550_ (net)
                  0.18    0.00   21.21 v _19203_/B (sky130_fd_sc_hd__nor4_1)
     2    0.01    0.62    0.72   21.93 ^ _19203_/Y (sky130_fd_sc_hd__nor4_1)
                                         _06583_ (net)
                  0.62    0.00   21.93 ^ max_cap227/A (sky130_fd_sc_hd__buf_1)
     4    0.01    0.23    0.46   22.39 ^ max_cap227/X (sky130_fd_sc_hd__buf_1)
                                         net227 (net)
                  0.23    0.00   22.39 ^ _19205_/B (sky130_fd_sc_hd__and3_2)
     9    0.03    0.26    0.61   23.00 ^ _19205_/X (sky130_fd_sc_hd__and3_2)
                                         _06605_ (net)
                  0.26    0.00   23.00 ^ _19206_/C_N (sky130_fd_sc_hd__or3b_2)
     5    0.02    0.26    1.31   24.32 v _19206_/X (sky130_fd_sc_hd__or3b_2)
                                         _06616_ (net)
                  0.26    0.00   24.32 v _19208_/A (sky130_fd_sc_hd__nor2_1)
     5    0.02    0.49    0.53   24.85 ^ _19208_/Y (sky130_fd_sc_hd__nor2_1)
                                         _06637_ (net)
                  0.49    0.00   24.85 ^ _19210_/B (sky130_fd_sc_hd__and3b_2)
     7    0.02    0.22    0.67   25.52 ^ _19210_/X (sky130_fd_sc_hd__and3b_2)
                                         _06659_ (net)
                  0.22    0.00   25.53 ^ _19211_/C (sky130_fd_sc_hd__and3_2)
     6    0.03    0.27    0.62   26.15 ^ _19211_/X (sky130_fd_sc_hd__and3_2)
                                         _06670_ (net)
                  0.27    0.00   26.15 ^ _19311_/B1 (sky130_fd_sc_hd__a221o_1)
     1    0.01    0.12    0.39   26.54 ^ _19311_/X (sky130_fd_sc_hd__a221o_1)
                                         _07764_ (net)
                  0.12    0.00   26.54 ^ _19313_/A2 (sky130_fd_sc_hd__o21ai_2)
     3    0.01    0.14    0.18   26.72 v _19313_/Y (sky130_fd_sc_hd__o21ai_2)
                                         _07786_ (net)
                  0.14    0.00   26.72 v _19314_/B1 (sky130_fd_sc_hd__a21oi_2)
     4    0.02    0.35    0.37   27.09 ^ _19314_/Y (sky130_fd_sc_hd__a21oi_2)
                                         _07797_ (net)
                  0.35    0.00   27.09 ^ _36573_/A (sky130_fd_sc_hd__buf_4)
    10    0.05    0.24    0.48   27.57 ^ _36573_/X (sky130_fd_sc_hd__buf_4)
                                         _10063_ (net)
                  0.24    0.00   27.57 ^ _36574_/A (sky130_fd_sc_hd__buf_6)
    10    0.06    0.21    0.38   27.95 ^ _36574_/X (sky130_fd_sc_hd__buf_6)
                                         _10064_ (net)
                  0.22    0.01   27.96 ^ _36576_/A (sky130_fd_sc_hd__buf_4)
    10    0.06    0.27    0.44   28.40 ^ _36576_/X (sky130_fd_sc_hd__buf_4)
                                         _10066_ (net)
                  0.27    0.01   28.40 ^ _37136_/S (sky130_fd_sc_hd__mux2_1)
     2    0.01    0.14    0.86   29.26 v _37136_/X (sky130_fd_sc_hd__mux2_1)
                                         _10657_ (net)
                  0.14    0.00   29.26 v _37160_/A1 (sky130_fd_sc_hd__mux2_1)
     2    0.01    0.15    0.78   30.04 v _37160_/X (sky130_fd_sc_hd__mux2_1)
                                         _10682_ (net)
                  0.15    0.00   30.04 v _37161_/A1 (sky130_fd_sc_hd__mux2_1)
     2    0.01    0.16    0.79   30.83 v _37161_/X (sky130_fd_sc_hd__mux2_1)
                                         _10683_ (net)
                  0.16    0.00   30.83 v _37162_/A1 (sky130_fd_sc_hd__mux2_1)
     2    0.03    0.31    0.97   31.80 v _37162_/X (sky130_fd_sc_hd__mux2_1)
                                         _10684_ (net)
                  0.31    0.00   31.80 v _37163_/A1 (sky130_fd_sc_hd__mux2_1)
     2    0.01    0.17    0.87   32.67 v _37163_/X (sky130_fd_sc_hd__mux2_1)
                                         _10685_ (net)
                  0.17    0.00   32.67 v _37166_/A0 (sky130_fd_sc_hd__mux2_1)
     1    0.01    0.17    0.78   33.45 v _37166_/X (sky130_fd_sc_hd__mux2_1)
                                         _10688_ (net)
                  0.17    0.00   33.45 v _37168_/B1 (sky130_fd_sc_hd__o221a_1)
     1    0.00    0.08    0.47   33.92 v _37168_/X (sky130_fd_sc_hd__o221a_1)
                                         _00457_ (net)
                  0.08    0.00   33.92 v _37964_/D (sky130_fd_sc_hd__dfxtp_1)
                                 33.92   data arrival time
-----------------------------------------------------------------------------
(Path is unconstrained)



======================= Typical Corner ===================================

Startpoint: _37944_ (rising edge-triggered flip-flop)
Endpoint: _37986_ (rising edge-triggered flip-flop)
Path Group: unconstrained
Path Type: max
Corner: Typical

Fanout     Cap    Slew   Delay    Time   Description
-----------------------------------------------------------------------------
                  0.14    0.00    0.00 ^ _37944_/CLK (sky130_fd_sc_hd__dfxtp_1)
     5    0.02    0.08    0.40    0.40 v _37944_/Q (sky130_fd_sc_hd__dfxtp_1)
                                         mantissa_res_non_normalised[105] (net)
                  0.08    0.00    0.40 v _19151_/A (sky130_fd_sc_hd__or3_1)
     3    0.01    0.10    0.44    0.84 v _19151_/X (sky130_fd_sc_hd__or3_1)
                                         _06013_ (net)
                  0.10    0.00    0.84 v _19154_/B (sky130_fd_sc_hd__or4b_1)
     3    0.01    0.13    0.60    1.44 v _19154_/X (sky130_fd_sc_hd__or4b_1)
                                         _06046_ (net)
                  0.13    0.00    1.44 v _19155_/C (sky130_fd_sc_hd__or3_1)
     3    0.01    0.10    0.39    1.83 v _19155_/X (sky130_fd_sc_hd__or3_1)
                                         _06057_ (net)
                  0.10    0.00    1.83 v _19158_/A (sky130_fd_sc_hd__or3b_2)
     4    0.01    0.11    0.56    2.40 v _19158_/X (sky130_fd_sc_hd__or3b_2)
                                         _06090_ (net)
                  0.11    0.00    2.40 v _19161_/A (sky130_fd_sc_hd__nor3_2)
     6    0.02    0.34    0.37    2.77 ^ _19161_/Y (sky130_fd_sc_hd__nor3_2)
                                         _06123_ (net)
                  0.34    0.00    2.77 ^ _19162_/D_N (sky130_fd_sc_hd__or4b_2)
     4    0.01    0.14    0.72    3.49 v _19162_/X (sky130_fd_sc_hd__or4b_2)
                                         _06134_ (net)
                  0.14    0.00    3.49 v _19163_/D (sky130_fd_sc_hd__or4_2)
     3    0.01    0.14    0.67    4.16 v _19163_/X (sky130_fd_sc_hd__or4_2)
                                         _06145_ (net)
                  0.14    0.00    4.16 v _19165_/A (sky130_fd_sc_hd__or2_1)
     3    0.01    0.08    0.31    4.47 v _19165_/X (sky130_fd_sc_hd__or2_1)
                                         _06167_ (net)
                  0.08    0.00    4.47 v _19167_/A (sky130_fd_sc_hd__nor2b_1)
     2    0.01    0.15    0.17    4.64 ^ _19167_/Y (sky130_fd_sc_hd__nor2b_1)
                                         _06189_ (net)
                  0.15    0.00    4.64 ^ _19169_/A (sky130_fd_sc_hd__and2_1)
     5    0.02    0.17    0.24    4.88 ^ _19169_/X (sky130_fd_sc_hd__and2_1)
                                         _06211_ (net)
                  0.17    0.00    4.88 ^ _19170_/B (sky130_fd_sc_hd__and2_1)
     4    0.01    0.15    0.23    5.12 ^ _19170_/X (sky130_fd_sc_hd__and2_1)
                                         _06221_ (net)
                  0.15    0.00    5.12 ^ _19171_/C_N (sky130_fd_sc_hd__or3b_2)
     3    0.01    0.11    0.54    5.66 v _19171_/X (sky130_fd_sc_hd__or3b_2)
                                         _06232_ (net)
                  0.11    0.00    5.66 v _19172_/B (sky130_fd_sc_hd__nor2_2)
     7    0.02    0.26    0.26    5.92 ^ _19172_/Y (sky130_fd_sc_hd__nor2_2)
                                         _06243_ (net)
                  0.26    0.00    5.92 ^ _19175_/B (sky130_fd_sc_hd__and3b_1)
     1    0.00    0.06    0.22    6.13 ^ _19175_/X (sky130_fd_sc_hd__and3b_1)
                                         _06276_ (net)
                  0.06    0.00    6.13 ^ _19176_/A (sky130_fd_sc_hd__clkbuf_2)
     8    0.02    0.13    0.18    6.32 ^ _19176_/X (sky130_fd_sc_hd__clkbuf_2)
                                         _06287_ (net)
                  0.13    0.00    6.32 ^ _19181_/A (sky130_fd_sc_hd__nand2_1)
     3    0.01    0.08    0.11    6.42 v _19181_/Y (sky130_fd_sc_hd__nand2_1)
                                         _06342_ (net)
                  0.08    0.00    6.42 v _19182_/D (sky130_fd_sc_hd__or4_2)
     4    0.01    0.14    0.64    7.06 v _19182_/X (sky130_fd_sc_hd__or4_2)
                                         _06353_ (net)
                  0.14    0.00    7.06 v _19185_/B (sky130_fd_sc_hd__or4b_2)
     3    0.01    0.14    0.77    7.83 v _19185_/X (sky130_fd_sc_hd__or4b_2)
                                         _06386_ (net)
                  0.14    0.00    7.83 v _19188_/A (sky130_fd_sc_hd__or3_1)
     3    0.01    0.11    0.47    8.31 v _19188_/X (sky130_fd_sc_hd__or3_1)
                                         _06418_ (net)
                  0.11    0.00    8.31 v _19189_/C (sky130_fd_sc_hd__nor3_2)
     5    0.02    0.36    0.32    8.62 ^ _19189_/Y (sky130_fd_sc_hd__nor3_2)
                                         _06429_ (net)
                  0.36    0.00    8.62 ^ _19191_/C (sky130_fd_sc_hd__and4bb_2)
     6    0.02    0.15    0.39    9.01 ^ _19191_/X (sky130_fd_sc_hd__and4bb_2)
                                         _06451_ (net)
                  0.15    0.00    9.01 ^ _19193_/B (sky130_fd_sc_hd__and3_2)
     6    0.02    0.13    0.28    9.30 ^ _19193_/X (sky130_fd_sc_hd__and3_2)
                                         _06473_ (net)
                  0.13    0.00    9.30 ^ _19194_/A (sky130_fd_sc_hd__inv_2)
     3    0.01    0.05    0.07    9.37 v _19194_/Y (sky130_fd_sc_hd__inv_2)
                                         _06484_ (net)
                  0.05    0.00    9.38 v _19200_/A (sky130_fd_sc_hd__or2_1)
     3    0.01    0.09    0.29    9.66 v _19200_/X (sky130_fd_sc_hd__or2_1)
                                         _06550_ (net)
                  0.09    0.00    9.66 v _19203_/B (sky130_fd_sc_hd__nor4_1)
     2    0.01    0.36    0.39   10.06 ^ _19203_/Y (sky130_fd_sc_hd__nor4_1)
                                         _06583_ (net)
                  0.36    0.00   10.06 ^ max_cap227/A (sky130_fd_sc_hd__buf_1)
     4    0.01    0.15    0.21   10.27 ^ max_cap227/X (sky130_fd_sc_hd__buf_1)
                                         net227 (net)
                  0.15    0.00   10.27 ^ _19205_/B (sky130_fd_sc_hd__and3_2)
     9    0.03    0.16    0.31   10.58 ^ _19205_/X (sky130_fd_sc_hd__and3_2)
                                         _06605_ (net)
                  0.16    0.00   10.58 ^ _19206_/C_N (sky130_fd_sc_hd__or3b_2)
     5    0.02    0.12    0.56   11.14 v _19206_/X (sky130_fd_sc_hd__or3b_2)
                                         _06616_ (net)
                  0.12    0.00   11.14 v _19208_/A (sky130_fd_sc_hd__nor2_1)
     5    0.02    0.29    0.30   11.44 ^ _19208_/Y (sky130_fd_sc_hd__nor2_1)
                                         _06637_ (net)
                  0.29    0.00   11.44 ^ _19210_/B (sky130_fd_sc_hd__and3b_2)
     7    0.02    0.13    0.33   11.77 ^ _19210_/X (sky130_fd_sc_hd__and3b_2)
                                         _06659_ (net)
                  0.13    0.00   11.77 ^ _19211_/C (sky130_fd_sc_hd__and3_2)
     6    0.03    0.16    0.31   12.08 ^ _19211_/X (sky130_fd_sc_hd__and3_2)
                                         _06670_ (net)
                  0.16    0.00   12.08 ^ _19312_/D (sky130_fd_sc_hd__nand4bb_2)
     4    0.02    0.15    0.20   12.28 v _19312_/Y (sky130_fd_sc_hd__nand4bb_2)
                                         _07775_ (net)
                  0.15    0.00   12.29 v _19358_/D_N (sky130_fd_sc_hd__or4b_2)
     2    0.01    0.08    0.29   12.58 ^ _19358_/X (sky130_fd_sc_hd__or4b_2)
                                         _08277_ (net)
                  0.08    0.00   12.58 ^ _19396_/A (sky130_fd_sc_hd__clkbuf_4)
    10    0.04    0.14    0.23   12.81 ^ _19396_/X (sky130_fd_sc_hd__clkbuf_4)
                                         _08690_ (net)
                  0.14    0.00   12.81 ^ _36601_/A (sky130_fd_sc_hd__clkbuf_4)
    10    0.06    0.19    0.29   13.10 ^ _36601_/X (sky130_fd_sc_hd__clkbuf_4)
                                         _10093_ (net)
                  0.19    0.01   13.11 ^ _36723_/A (sky130_fd_sc_hd__clkbuf_4)
    10    0.05    0.16    0.28   13.39 ^ _36723_/X (sky130_fd_sc_hd__clkbuf_4)
                                         _10225_ (net)
                  0.16    0.01   13.39 ^ _36724_/A (sky130_fd_sc_hd__clkbuf_4)
    10    0.06    0.18    0.29   13.68 ^ _36724_/X (sky130_fd_sc_hd__clkbuf_4)
                                         _10226_ (net)
                  0.18    0.00   13.69 ^ _37237_/S (sky130_fd_sc_hd__mux2_1)
     2    0.01    0.11    0.43   14.11 v _37237_/X (sky130_fd_sc_hd__mux2_1)
                                         _10759_ (net)
                  0.11    0.00   14.11 v _37238_/A1 (sky130_fd_sc_hd__mux2_1)
     2    0.01    0.09    0.38   14.49 v _37238_/X (sky130_fd_sc_hd__mux2_1)
                                         _10760_ (net)
                  0.09    0.00   14.49 v _37239_/A1 (sky130_fd_sc_hd__mux2_1)
     2    0.02    0.13    0.41   14.91 v _37239_/X (sky130_fd_sc_hd__mux2_1)
                                         _10762_ (net)
                  0.13    0.00   14.91 v _37401_/A2 (sky130_fd_sc_hd__a21boi_1)
     1    0.02    0.48    0.47   15.38 ^ _37401_/Y (sky130_fd_sc_hd__a21boi_1)
                                         _10920_ (net)
                  0.48    0.00   15.38 ^ _37402_/A0 (sky130_fd_sc_hd__mux2_1)
     1    0.01    0.08    0.24   15.62 ^ _37402_/X (sky130_fd_sc_hd__mux2_1)
                                         _10921_ (net)
                  0.08    0.00   15.62 ^ _37403_/B1 (sky130_fd_sc_hd__o211ai_2)
     1    0.02    0.13    0.14   15.76 v _37403_/Y (sky130_fd_sc_hd__o211ai_2)
                                         _10922_ (net)
                  0.13    0.00   15.77 v _37404_/C1 (sky130_fd_sc_hd__o211a_1)
     1    0.00    0.04    0.14   15.91 v _37404_/X (sky130_fd_sc_hd__o211a_1)
                                         _00479_ (net)
                  0.04    0.00   15.91 v _37986_/D (sky130_fd_sc_hd__dfxtp_1)
                                 15.91   data arrival time
-----------------------------------------------------------------------------
(Path is unconstrained)




===========================================================================
report_checks --slack_max -0.01
============================================================================
======================= Fastest Corner ===================================

No paths found.

======================= Slowest Corner ===================================

No paths found.

======================= Typical Corner ===================================

No paths found.


===========================================================================
 report_check_types -max_slew -max_cap -max_fanout -violators
============================================================================
======================= Fastest Corner ===================================

max fanout

Pin                                   Limit Fanout  Slack
---------------------------------------------------------
_35057_/X                                10     18     -8 (VIOLATED)
_20597_/X                                10     13     -3 (VIOLATED)
_20674_/X                                10     13     -3 (VIOLATED)
_20990_/X                                10     13     -3 (VIOLATED)
_19090_/X                                10     12     -2 (VIOLATED)
_19134_/X                                10     12     -2 (VIOLATED)
_19139_/X                                10     12     -2 (VIOLATED)
_20443_/X                                10     12     -2 (VIOLATED)
_20508_/X                                10     12     -2 (VIOLATED)
_20558_/X                                10     12     -2 (VIOLATED)
_20587_/X                                10     12     -2 (VIOLATED)
_20616_/X                                10     12     -2 (VIOLATED)
_20669_/X                                10     12     -2 (VIOLATED)
_20673_/X                                10     12     -2 (VIOLATED)
_20683_/X                                10     12     -2 (VIOLATED)
_20704_/X                                10     12     -2 (VIOLATED)
_20718_/X                                10     12     -2 (VIOLATED)
_20757_/X                                10     12     -2 (VIOLATED)
_20785_/X                                10     12     -2 (VIOLATED)
_20838_/X                                10     12     -2 (VIOLATED)
_20968_/X                                10     12     -2 (VIOLATED)
_20999_/X                                10     12     -2 (VIOLATED)
_18756_/X                                10     11        (VIOLATED)
_19140_/X                                10     11        (VIOLATED)
_19599_/X                                10     11        (VIOLATED)
_19771_/X                                10     11        (VIOLATED)
_20109_/X                                10     11        (VIOLATED)
_20145_/X                                10     11        (VIOLATED)
_20169_/X                                10     11        (VIOLATED)
_20173_/X                                10     11        (VIOLATED)
_20180_/X                                10     11        (VIOLATED)
_20228_/X                                10     11        (VIOLATED)
_20240_/X                                10     11        (VIOLATED)
_20262_/X                                10     11        (VIOLATED)
_20298_/X                                10     11        (VIOLATED)
_20307_/X                                10     11        (VIOLATED)
_20318_/X                                10     11        (VIOLATED)
_20341_/X                                10     11        (VIOLATED)
_20366_/X                                10     11        (VIOLATED)
_20375_/X                                10     11        (VIOLATED)
_20378_/X                                10     11        (VIOLATED)
_20408_/X                                10     11        (VIOLATED)
_20411_/X                                10     11        (VIOLATED)
_20419_/X                                10     11        (VIOLATED)
_20422_/X                                10     11        (VIOLATED)
_20429_/X                                10     11        (VIOLATED)
_20441_/X                                10     11        (VIOLATED)
_20467_/X                                10     11        (VIOLATED)
_20486_/X                                10     11        (VIOLATED)
_20520_/X                                10     11        (VIOLATED)
_20527_/X                                10     11        (VIOLATED)
_20530_/X                                10     11        (VIOLATED)
_20536_/X                                10     11        (VIOLATED)
_20560_/X                                10     11        (VIOLATED)
_20568_/X                                10     11        (VIOLATED)
_20571_/X                                10     11        (VIOLATED)
_20578_/X                                10     11        (VIOLATED)
_20603_/X                                10     11        (VIOLATED)
_20626_/X                                10     11        (VIOLATED)
_20645_/X                                10     11        (VIOLATED)
_20656_/X                                10     11        (VIOLATED)
_20738_/X                                10     11        (VIOLATED)
_20763_/X                                10     11        (VIOLATED)
_20775_/X                                10     11        (VIOLATED)
_20779_/X                                10     11        (VIOLATED)
_20805_/X                                10     11        (VIOLATED)
_20817_/X                                10     11        (VIOLATED)
_20826_/X                                10     11        (VIOLATED)
_20848_/X                                10     11        (VIOLATED)
_20853_/X                                10     11        (VIOLATED)
_20885_/X                                10     11        (VIOLATED)
_20904_/X                                10     11        (VIOLATED)
_20917_/X                                10     11        (VIOLATED)
_20959_/X                                10     11        (VIOLATED)
_20984_/X                                10     11        (VIOLATED)
_20985_/X                                10     11        (VIOLATED)
_20994_/X                                10     11        (VIOLATED)
_20997_/X                                10     11        (VIOLATED)
_21025_/X                                10     11        (VIOLATED)
_21031_/X                                10     11        (VIOLATED)
_21042_/X                                10     11        (VIOLATED)
_21092_/X                                10     11        (VIOLATED)
_21226_/X                                10     11        (VIOLATED)
_21346_/X                                10     11        (VIOLATED)
_21347_/X                                10     11        (VIOLATED)
_21642_/X                                10     11        (VIOLATED)
_21893_/X                                10     11        (VIOLATED)
_23273_/X                                10     11        (VIOLATED)
_23348_/X                                10     11        (VIOLATED)
_23963_/X                                10     11        (VIOLATED)
_24215_/X                                10     11        (VIOLATED)
_25668_/X                                10     11        (VIOLATED)
_27813_/X                                10     11        (VIOLATED)
_28356_/X                                10     11        (VIOLATED)
_30394_/X                                10     11        (VIOLATED)
_30396_/X                                10     11        (VIOLATED)
_30617_/X                                10     11        (VIOLATED)
_30675_/X                                10     11        (VIOLATED)
_31421_/X                                10     11        (VIOLATED)
_32660_/X                                10     11        (VIOLATED)
_37751_/Q                                10     11        (VIOLATED)
_37756_/Q                                10     11        (VIOLATED)
_37810_/Q                                10     11        (VIOLATED)


max slew violations count Fastest: 0
max fanout violations count Fastest: 103
max cap violations count Fastest: 0
======================= Slowest Corner ===================================

max slew

Pin                                    Limit    Slew   Slack
------------------------------------------------------------
_32924_/A1                              0.75    1.32   -0.57 (VIOLATED)
_32925_/B1                              0.75    1.32   -0.57 (VIOLATED)
_32728_/A                               0.75    1.32   -0.57 (VIOLATED)
_32726_/Y                               0.75    1.32   -0.57 (VIOLATED)
_32729_/C                               0.75    1.18   -0.43 (VIOLATED)
_32730_/B1                              0.75    1.18   -0.43 (VIOLATED)
_32728_/Y                               0.75    1.18   -0.43 (VIOLATED)
_35092_/A1                              0.75    1.07   -0.32 (VIOLATED)
_35093_/B1                              0.75    1.07   -0.32 (VIOLATED)
_35073_/X                               0.75    1.07   -0.32 (VIOLATED)
_32735_/A                               0.75    1.05   -0.30 (VIOLATED)
_32734_/A1                              0.75    1.05   -0.30 (VIOLATED)
_32532_/A1                              0.75    1.05   -0.30 (VIOLATED)
_32531_/B                               0.75    1.05   -0.30 (VIOLATED)
_32529_/Y                               0.75    1.05   -0.30 (VIOLATED)
_32134_/A1                              0.75    1.04   -0.29 (VIOLATED)
_32135_/B1                              0.75    1.04   -0.29 (VIOLATED)
_31914_/A                               0.75    1.04   -0.29 (VIOLATED)
_31912_/Y                               0.75    1.04   -0.29 (VIOLATED)
_29825_/B                               0.75    1.03   -0.28 (VIOLATED)
_29824_/Y                               0.75    1.03   -0.28 (VIOLATED)
_34777_/B1                              0.75    1.03   -0.28 (VIOLATED)
ANTENNA_25/DIODE                        0.75    1.03   -0.28 (VIOLATED)
_34776_/A                               0.75    1.03   -0.28 (VIOLATED)
ANTENNA_24/DIODE                        0.75    1.03   -0.28 (VIOLATED)
_34696_/Y                               0.75    1.03   -0.28 (VIOLATED)
_31237_/A1                              0.75    0.98   -0.23 (VIOLATED)
_31236_/B1                              0.75    0.98   -0.23 (VIOLATED)
_31234_/Y                               0.75    0.98   -0.23 (VIOLATED)
max_cap260/A                            0.75    0.98   -0.23 (VIOLATED)
_22175_/A                               0.75    0.97   -0.22 (VIOLATED)
_22174_/A                               0.75    0.97   -0.22 (VIOLATED)
_22158_/Y                               0.75    0.97   -0.22 (VIOLATED)
_35536_/C                               0.75    0.97   -0.22 (VIOLATED)
_35537_/B1                              0.75    0.97   -0.22 (VIOLATED)
_35535_/Y                               0.75    0.97   -0.22 (VIOLATED)
_29795_/A1                              0.75    0.94   -0.19 (VIOLATED)
_29794_/A                               0.75    0.94   -0.19 (VIOLATED)
_30331_/A2                              0.75    0.94   -0.19 (VIOLATED)
_30064_/B                               0.75    0.94   -0.19 (VIOLATED)
_29760_/Y                               0.75    0.94   -0.19 (VIOLATED)
_24235_/B                               0.75    0.93   -0.18 (VIOLATED)
_24234_/B                               0.75    0.93   -0.18 (VIOLATED)
_24233_/Y                               0.75    0.93   -0.18 (VIOLATED)
_28999_/A2                              0.75    0.91   -0.16 (VIOLATED)
_28709_/B                               0.75    0.91   -0.16 (VIOLATED)
_28362_/B                               0.75    0.91   -0.16 (VIOLATED)
_28361_/Y                               0.75    0.91   -0.16 (VIOLATED)
_32074_/B                               0.75    0.91   -0.16 (VIOLATED)
_32073_/B                               0.75    0.91   -0.16 (VIOLATED)
_32072_/Y                               0.75    0.91   -0.16 (VIOLATED)
_33528_/A                               0.75    0.90   -0.15 (VIOLATED)
_33685_/B                               0.75    0.90   -0.15 (VIOLATED)
_33526_/Y                               0.75    0.90   -0.15 (VIOLATED)
_32340_/B1                              0.75    0.88   -0.13 (VIOLATED)
_32543_/A1                              0.75    0.88   -0.13 (VIOLATED)
_32339_/A1                              0.75    0.88   -0.13 (VIOLATED)
_32130_/B1                              0.75    0.88   -0.13 (VIOLATED)
_32129_/C_N                             0.75    0.88   -0.13 (VIOLATED)
_32127_/Y                               0.75    0.88   -0.13 (VIOLATED)
_31863_/C                               0.75    0.88   -0.13 (VIOLATED)
_31864_/B1                              0.75    0.88   -0.13 (VIOLATED)
_31862_/Y                               0.75    0.88   -0.13 (VIOLATED)
_35187_/B2                              0.75    0.87   -0.12 (VIOLATED)
_35188_/B_N                             0.75    0.87   -0.12 (VIOLATED)
_35186_/Y                               0.75    0.87   -0.12 (VIOLATED)
_37090_/A2                              0.75    0.87   -0.12 (VIOLATED)
_37276_/B1                              0.75    0.87   -0.12 (VIOLATED)
_37441_/B1                              0.75    0.87   -0.12 (VIOLATED)
_37089_/Y                               0.75    0.87   -0.12 (VIOLATED)
_30588_/A2                              0.75    0.86   -0.11 (VIOLATED)
_30587_/B                               0.75    0.86   -0.11 (VIOLATED)
_30501_/Y                               0.75    0.86   -0.11 (VIOLATED)
_29529_/A1                              0.75    0.85   -0.10 (VIOLATED)
_29528_/A                               0.75    0.85   -0.10 (VIOLATED)
_29495_/Y                               0.75    0.85   -0.10 (VIOLATED)
_29808_/B                               0.75    0.85   -0.10 (VIOLATED)
_32241_/B                               0.75    0.83   -0.08 (VIOLATED)
_32240_/B                               0.75    0.83   -0.08 (VIOLATED)
_32239_/Y                               0.75    0.83   -0.08 (VIOLATED)
_34976_/B                               0.75    0.83   -0.08 (VIOLATED)
_34977_/B                               0.75    0.83   -0.08 (VIOLATED)
_34975_/Y                               0.75    0.83   -0.08 (VIOLATED)
_33848_/A2                              0.75    0.83   -0.08 (VIOLATED)
_33849_/B                               0.75    0.83   -0.08 (VIOLATED)
_33670_/Y                               0.75    0.83   -0.08 (VIOLATED)
_33671_/B                               0.75    0.83   -0.08 (VIOLATED)
_33839_/C                               0.75    0.83   -0.08 (VIOLATED)
_31469_/B                               0.75    0.83   -0.08 (VIOLATED)
_31587_/B                               0.75    0.83   -0.08 (VIOLATED)
_31468_/Y                               0.75    0.83   -0.08 (VIOLATED)
_21350_/B                               0.75    0.82   -0.07 (VIOLATED)
_21349_/Y                               0.75    0.82   -0.07 (VIOLATED)
_30082_/B                               0.75    0.81   -0.06 (VIOLATED)
_30081_/Y                               0.75    0.81   -0.06 (VIOLATED)
_34355_/B                               0.75    0.81   -0.06 (VIOLATED)
_34356_/A2                              0.75    0.81   -0.06 (VIOLATED)
_34272_/Y                               0.75    0.81   -0.06 (VIOLATED)
_37240_/B                               0.75    0.81   -0.06 (VIOLATED)
_36973_/A                               0.75    0.81   -0.06 (VIOLATED)
_36972_/Y                               0.75    0.81   -0.06 (VIOLATED)
_35634_/B1                              0.75    0.81   -0.06 (VIOLATED)
_35633_/Y                               0.75    0.81   -0.06 (VIOLATED)
_35300_/B                               0.75    0.81   -0.06 (VIOLATED)
_35266_/A2                              0.75    0.81   -0.06 (VIOLATED)
_35267_/B                               0.75    0.81   -0.06 (VIOLATED)
_35218_/Y                               0.75    0.81   -0.06 (VIOLATED)
_37424_/A2_N                            0.75    0.81   -0.06 (VIOLATED)
_37423_/Y                               0.75    0.81   -0.06 (VIOLATED)
_26146_/B                               0.75    0.80   -0.05 (VIOLATED)
_26154_/C                               0.75    0.80   -0.05 (VIOLATED)
_26145_/Y                               0.75    0.80   -0.05 (VIOLATED)
_37077_/A2                              0.75    0.80   -0.05 (VIOLATED)
_37431_/B1                              0.75    0.80   -0.05 (VIOLATED)
_37267_/B1                              0.75    0.80   -0.05 (VIOLATED)
_37076_/Y                               0.75    0.80   -0.05 (VIOLATED)
_24764_/A2                              0.75    0.80   -0.05 (VIOLATED)
_24765_/B                               0.75    0.80   -0.05 (VIOLATED)
_24565_/Y                               0.75    0.80   -0.05 (VIOLATED)
_24566_/B                               0.75    0.80   -0.05 (VIOLATED)
_24755_/C                               0.75    0.80   -0.05 (VIOLATED)
_26153_/A2                              0.75    0.80   -0.05 (VIOLATED)
_26151_/Y                               0.75    0.80   -0.05 (VIOLATED)
_32421_/A                               0.75    0.80   -0.05 (VIOLATED)
_32422_/A1_N                            0.75    0.80   -0.05 (VIOLATED)
_32631_/A2                              0.75    0.80   -0.05 (VIOLATED)
_32389_/Y                               0.75    0.80   -0.05 (VIOLATED)
_32632_/B                               0.75    0.80   -0.05 (VIOLATED)
_25588_/Y                               0.75    0.79   -0.04 (VIOLATED)
_25589_/B                               0.75    0.79   -0.04 (VIOLATED)
_25791_/C                               0.75    0.79   -0.04 (VIOLATED)
_25800_/A2                              0.75    0.79   -0.04 (VIOLATED)
_25801_/B                               0.75    0.79   -0.04 (VIOLATED)
_30316_/A                               0.75    0.79   -0.04 (VIOLATED)
_30315_/A                               0.75    0.79   -0.04 (VIOLATED)
_30231_/Y                               0.75    0.79   -0.04 (VIOLATED)
_34973_/A2                              0.75    0.79   -0.04 (VIOLATED)
_34972_/B                               0.75    0.79   -0.04 (VIOLATED)
_34844_/B1                              0.75    0.79   -0.04 (VIOLATED)
_34843_/A1                              0.75    0.79   -0.04 (VIOLATED)
_34840_/Y                               0.75    0.79   -0.04 (VIOLATED)
_37402_/A0                              0.75    0.79   -0.04 (VIOLATED)
_37401_/Y                               0.75    0.79   -0.04 (VIOLATED)
_28698_/A                               0.75    0.79   -0.04 (VIOLATED)
_28989_/B                               0.75    0.79   -0.04 (VIOLATED)
_28699_/A1                              0.75    0.79   -0.04 (VIOLATED)
_29280_/A2                              0.75    0.79   -0.04 (VIOLATED)
_28665_/Y                               0.75    0.79   -0.04 (VIOLATED)
_28398_/C                               0.75    0.78   -0.03 (VIOLATED)
_28399_/A2                              0.75    0.78   -0.03 (VIOLATED)
_28397_/Y                               0.75    0.78   -0.03 (VIOLATED)
_27842_/Y                               0.75    0.78   -0.03 (VIOLATED)
_27845_/A1                              0.75    0.78   -0.03 (VIOLATED)
_28112_/B                               0.75    0.78   -0.03 (VIOLATED)
max_cap266/A                            0.75    0.78   -0.03 (VIOLATED)
_19532_/A                               0.75    0.78   -0.03 (VIOLATED)
_20511_/A                               0.75    0.78   -0.03 (VIOLATED)
_19518_/A                               0.75    0.78   -0.03 (VIOLATED)
_20727_/A                               0.75    0.78   -0.03 (VIOLATED)
_20839_/A                               0.75    0.78   -0.03 (VIOLATED)
_20941_/A                               0.75    0.78   -0.03 (VIOLATED)
_19560_/B                               0.75    0.78   -0.03 (VIOLATED)
_19568_/B                               0.75    0.78   -0.03 (VIOLATED)
_20621_/A                               0.75    0.78   -0.03 (VIOLATED)
_19590_/B                               0.75    0.78   -0.03 (VIOLATED)
_19517_/Y                               0.75    0.78   -0.03 (VIOLATED)
wire242/A                               0.75    0.77   -0.02 (VIOLATED)
_27336_/Y                               0.75    0.77   -0.02 (VIOLATED)
_27544_/B                               0.75    0.77   -0.02 (VIOLATED)
_24542_/A1                              0.75    0.77   -0.02 (VIOLATED)
_24352_/A                               0.75    0.77   -0.02 (VIOLATED)
_24350_/Y                               0.75    0.77   -0.02 (VIOLATED)
_32032_/B                               0.75    0.77   -0.02 (VIOLATED)
_32244_/B1_N                            0.75    0.77   -0.02 (VIOLATED)
_32031_/Y                               0.75    0.77   -0.02 (VIOLATED)
_33631_/B                               0.75    0.77   -0.02 (VIOLATED)
_33630_/B                               0.75    0.77   -0.02 (VIOLATED)
_33629_/Y                               0.75    0.77   -0.02 (VIOLATED)
_23262_/A2                              0.75    0.77   -0.02 (VIOLATED)
_23260_/Y                               0.75    0.77   -0.02 (VIOLATED)
_24650_/B1                              0.75    0.77   -0.02 (VIOLATED)
_24651_/C                               0.75    0.77   -0.02 (VIOLATED)
_24649_/Y                               0.75    0.77   -0.02 (VIOLATED)
_33155_/B1                              0.75    0.76   -0.01 (VIOLATED)
ANTENNA_20/DIODE                        0.75    0.76   -0.01 (VIOLATED)
ANTENNA_21/DIODE                        0.75    0.76   -0.01 (VIOLATED)
_33154_/A                               0.75    0.76   -0.01 (VIOLATED)
_33122_/Y                               0.75    0.76   -0.01 (VIOLATED)
_28974_/A                               0.75    0.76   -0.01 (VIOLATED)
_28975_/A1                              0.75    0.76   -0.01 (VIOLATED)
_29269_/B                               0.75    0.76   -0.01 (VIOLATED)
_28943_/Y                               0.75    0.76   -0.01 (VIOLATED)
_30581_/A                               0.75    0.76   -0.01 (VIOLATED)
_30582_/A1                              0.75    0.76   -0.01 (VIOLATED)
_30859_/B                               0.75    0.76   -0.01 (VIOLATED)
_30858_/A2                              0.75    0.76   -0.01 (VIOLATED)
_30546_/Y                               0.75    0.76   -0.01 (VIOLATED)
_25178_/B1                              0.75    0.76   -0.01 (VIOLATED)
_25177_/A                               0.75    0.76   -0.01 (VIOLATED)
ANTENNA_176/DIODE                       0.75    0.76   -0.01 (VIOLATED)
_25138_/Y                               0.75    0.76   -0.01 (VIOLATED)
_33188_/B1                              0.75    0.75   -0.00 (VIOLATED)
_33187_/A1                              0.75    0.75   -0.00 (VIOLATED)
_33112_/Y                               0.75    0.75   -0.00 (VIOLATED)

max fanout

Pin                                   Limit Fanout  Slack
---------------------------------------------------------
_35057_/X                                10     18     -8 (VIOLATED)
_20597_/X                                10     13     -3 (VIOLATED)
_20674_/X                                10     13     -3 (VIOLATED)
_20990_/X                                10     13     -3 (VIOLATED)
_19090_/X                                10     12     -2 (VIOLATED)
_19134_/X                                10     12     -2 (VIOLATED)
_19139_/X                                10     12     -2 (VIOLATED)
_20443_/X                                10     12     -2 (VIOLATED)
_20508_/X                                10     12     -2 (VIOLATED)
_20558_/X                                10     12     -2 (VIOLATED)
_20587_/X                                10     12     -2 (VIOLATED)
_20616_/X                                10     12     -2 (VIOLATED)
_20669_/X                                10     12     -2 (VIOLATED)
_20673_/X                                10     12     -2 (VIOLATED)
_20683_/X                                10     12     -2 (VIOLATED)
_20704_/X                                10     12     -2 (VIOLATED)
_20718_/X                                10     12     -2 (VIOLATED)
_20757_/X                                10     12     -2 (VIOLATED)
_20785_/X                                10     12     -2 (VIOLATED)
_20838_/X                                10     12     -2 (VIOLATED)
_20968_/X                                10     12     -2 (VIOLATED)
_20999_/X                                10     12     -2 (VIOLATED)
_18756_/X                                10     11        (VIOLATED)
_19140_/X                                10     11        (VIOLATED)
_19599_/X                                10     11        (VIOLATED)
_19771_/X                                10     11        (VIOLATED)
_20109_/X                                10     11        (VIOLATED)
_20145_/X                                10     11        (VIOLATED)
_20169_/X                                10     11        (VIOLATED)
_20173_/X                                10     11        (VIOLATED)
_20180_/X                                10     11        (VIOLATED)
_20228_/X                                10     11        (VIOLATED)
_20240_/X                                10     11        (VIOLATED)
_20262_/X                                10     11        (VIOLATED)
_20298_/X                                10     11        (VIOLATED)
_20307_/X                                10     11        (VIOLATED)
_20318_/X                                10     11        (VIOLATED)
_20341_/X                                10     11        (VIOLATED)
_20366_/X                                10     11        (VIOLATED)
_20375_/X                                10     11        (VIOLATED)
_20378_/X                                10     11        (VIOLATED)
_20408_/X                                10     11        (VIOLATED)
_20411_/X                                10     11        (VIOLATED)
_20419_/X                                10     11        (VIOLATED)
_20422_/X                                10     11        (VIOLATED)
_20429_/X                                10     11        (VIOLATED)
_20441_/X                                10     11        (VIOLATED)
_20467_/X                                10     11        (VIOLATED)
_20486_/X                                10     11        (VIOLATED)
_20520_/X                                10     11        (VIOLATED)
_20527_/X                                10     11        (VIOLATED)
_20530_/X                                10     11        (VIOLATED)
_20536_/X                                10     11        (VIOLATED)
_20560_/X                                10     11        (VIOLATED)
_20568_/X                                10     11        (VIOLATED)
_20571_/X                                10     11        (VIOLATED)
_20578_/X                                10     11        (VIOLATED)
_20603_/X                                10     11        (VIOLATED)
_20626_/X                                10     11        (VIOLATED)
_20645_/X                                10     11        (VIOLATED)
_20656_/X                                10     11        (VIOLATED)
_20738_/X                                10     11        (VIOLATED)
_20763_/X                                10     11        (VIOLATED)
_20775_/X                                10     11        (VIOLATED)
_20779_/X                                10     11        (VIOLATED)
_20805_/X                                10     11        (VIOLATED)
_20817_/X                                10     11        (VIOLATED)
_20826_/X                                10     11        (VIOLATED)
_20848_/X                                10     11        (VIOLATED)
_20853_/X                                10     11        (VIOLATED)
_20885_/X                                10     11        (VIOLATED)
_20904_/X                                10     11        (VIOLATED)
_20917_/X                                10     11        (VIOLATED)
_20959_/X                                10     11        (VIOLATED)
_20984_/X                                10     11        (VIOLATED)
_20985_/X                                10     11        (VIOLATED)
_20994_/X                                10     11        (VIOLATED)
_20997_/X                                10     11        (VIOLATED)
_21025_/X                                10     11        (VIOLATED)
_21031_/X                                10     11        (VIOLATED)
_21042_/X                                10     11        (VIOLATED)
_21092_/X                                10     11        (VIOLATED)
_21226_/X                                10     11        (VIOLATED)
_21346_/X                                10     11        (VIOLATED)
_21347_/X                                10     11        (VIOLATED)
_21642_/X                                10     11        (VIOLATED)
_21893_/X                                10     11        (VIOLATED)
_23273_/X                                10     11        (VIOLATED)
_23348_/X                                10     11        (VIOLATED)
_23963_/X                                10     11        (VIOLATED)
_24215_/X                                10     11        (VIOLATED)
_25668_/X                                10     11        (VIOLATED)
_27813_/X                                10     11        (VIOLATED)
_28356_/X                                10     11        (VIOLATED)
_30394_/X                                10     11        (VIOLATED)
_30396_/X                                10     11        (VIOLATED)
_30617_/X                                10     11        (VIOLATED)
_30675_/X                                10     11        (VIOLATED)
_31421_/X                                10     11        (VIOLATED)
_32660_/X                                10     11        (VIOLATED)
_37751_/Q                                10     11        (VIOLATED)
_37756_/Q                                10     11        (VIOLATED)
_37810_/Q                                10     11        (VIOLATED)


max slew violations count Slowest: 204
max fanout violations count Slowest: 103
max cap violations count Slowest: 0
======================= Typical Corner ===================================

max slew

Pin                                    Limit    Slew   Slack
------------------------------------------------------------
_32924_/A1                              0.75    0.81   -0.06 (VIOLATED)
_32925_/B1                              0.75    0.81   -0.06 (VIOLATED)
_32728_/A                               0.75    0.81   -0.06 (VIOLATED)
_32726_/Y                               0.75    0.81   -0.06 (VIOLATED)

max fanout

Pin                                   Limit Fanout  Slack
---------------------------------------------------------
_35057_/X                                10     18     -8 (VIOLATED)
_20597_/X                                10     13     -3 (VIOLATED)
_20674_/X                                10     13     -3 (VIOLATED)
_20990_/X                                10     13     -3 (VIOLATED)
_19090_/X                                10     12     -2 (VIOLATED)
_19134_/X                                10     12     -2 (VIOLATED)
_19139_/X                                10     12     -2 (VIOLATED)
_20443_/X                                10     12     -2 (VIOLATED)
_20508_/X                                10     12     -2 (VIOLATED)
_20558_/X                                10     12     -2 (VIOLATED)
_20587_/X                                10     12     -2 (VIOLATED)
_20616_/X                                10     12     -2 (VIOLATED)
_20669_/X                                10     12     -2 (VIOLATED)
_20673_/X                                10     12     -2 (VIOLATED)
_20683_/X                                10     12     -2 (VIOLATED)
_20704_/X                                10     12     -2 (VIOLATED)
_20718_/X                                10     12     -2 (VIOLATED)
_20757_/X                                10     12     -2 (VIOLATED)
_20785_/X                                10     12     -2 (VIOLATED)
_20838_/X                                10     12     -2 (VIOLATED)
_20968_/X                                10     12     -2 (VIOLATED)
_20999_/X                                10     12     -2 (VIOLATED)
_18756_/X                                10     11        (VIOLATED)
_19140_/X                                10     11        (VIOLATED)
_19599_/X                                10     11        (VIOLATED)
_19771_/X                                10     11        (VIOLATED)
_20109_/X                                10     11        (VIOLATED)
_20145_/X                                10     11        (VIOLATED)
_20169_/X                                10     11        (VIOLATED)
_20173_/X                                10     11        (VIOLATED)
_20180_/X                                10     11        (VIOLATED)
_20228_/X                                10     11        (VIOLATED)
_20240_/X                                10     11        (VIOLATED)
_20262_/X                                10     11        (VIOLATED)
_20298_/X                                10     11        (VIOLATED)
_20307_/X                                10     11        (VIOLATED)
_20318_/X                                10     11        (VIOLATED)
_20341_/X                                10     11        (VIOLATED)
_20366_/X                                10     11        (VIOLATED)
_20375_/X                                10     11        (VIOLATED)
_20378_/X                                10     11        (VIOLATED)
_20408_/X                                10     11        (VIOLATED)
_20411_/X                                10     11        (VIOLATED)
_20419_/X                                10     11        (VIOLATED)
_20422_/X                                10     11        (VIOLATED)
_20429_/X                                10     11        (VIOLATED)
_20441_/X                                10     11        (VIOLATED)
_20467_/X                                10     11        (VIOLATED)
_20486_/X                                10     11        (VIOLATED)
_20520_/X                                10     11        (VIOLATED)
_20527_/X                                10     11        (VIOLATED)
_20530_/X                                10     11        (VIOLATED)
_20536_/X                                10     11        (VIOLATED)
_20560_/X                                10     11        (VIOLATED)
_20568_/X                                10     11        (VIOLATED)
_20571_/X                                10     11        (VIOLATED)
_20578_/X                                10     11        (VIOLATED)
_20603_/X                                10     11        (VIOLATED)
_20626_/X                                10     11        (VIOLATED)
_20645_/X                                10     11        (VIOLATED)
_20656_/X                                10     11        (VIOLATED)
_20738_/X                                10     11        (VIOLATED)
_20763_/X                                10     11        (VIOLATED)
_20775_/X                                10     11        (VIOLATED)
_20779_/X                                10     11        (VIOLATED)
_20805_/X                                10     11        (VIOLATED)
_20817_/X                                10     11        (VIOLATED)
_20826_/X                                10     11        (VIOLATED)
_20848_/X                                10     11        (VIOLATED)
_20853_/X                                10     11        (VIOLATED)
_20885_/X                                10     11        (VIOLATED)
_20904_/X                                10     11        (VIOLATED)
_20917_/X                                10     11        (VIOLATED)
_20959_/X                                10     11        (VIOLATED)
_20984_/X                                10     11        (VIOLATED)
_20985_/X                                10     11        (VIOLATED)
_20994_/X                                10     11        (VIOLATED)
_20997_/X                                10     11        (VIOLATED)
_21025_/X                                10     11        (VIOLATED)
_21031_/X                                10     11        (VIOLATED)
_21042_/X                                10     11        (VIOLATED)
_21092_/X                                10     11        (VIOLATED)
_21226_/X                                10     11        (VIOLATED)
_21346_/X                                10     11        (VIOLATED)
_21347_/X                                10     11        (VIOLATED)
_21642_/X                                10     11        (VIOLATED)
_21893_/X                                10     11        (VIOLATED)
_23273_/X                                10     11        (VIOLATED)
_23348_/X                                10     11        (VIOLATED)
_23963_/X                                10     11        (VIOLATED)
_24215_/X                                10     11        (VIOLATED)
_25668_/X                                10     11        (VIOLATED)
_27813_/X                                10     11        (VIOLATED)
_28356_/X                                10     11        (VIOLATED)
_30394_/X                                10     11        (VIOLATED)
_30396_/X                                10     11        (VIOLATED)
_30617_/X                                10     11        (VIOLATED)
_30675_/X                                10     11        (VIOLATED)
_31421_/X                                10     11        (VIOLATED)
_32660_/X                                10     11        (VIOLATED)
_37751_/Q                                10     11        (VIOLATED)
_37756_/Q                                10     11        (VIOLATED)
_37810_/Q                                10     11        (VIOLATED)


max slew violations count Typical: 4
max fanout violations count Typical: 103
max cap violations count Typical: 0

===========================================================================
report_parasitic_annotation -report_unannotated
============================================================================
Found 1 unannotated drivers.
 EN_get_res
Found 0 partially unannotated drivers.

===========================================================================
max slew violation count 204
max fanout violation count 103
max cap violation count 0
============================================================================

===========================================================================
check_setup -verbose -unconstrained_endpoints -multiple_clock -no_clock -no_input_delay -loops -generated_clocks
===========================================================================
Warning: There are 494 unclocked register/latch pins.
  _37507_/CLK
  _37508_/CLK
  _37509_/CLK
  _37510_/CLK
  _37511_/CLK
  _37512_/CLK
  _37513_/CLK
  _37514_/CLK
  _37515_/CLK
  _37516_/CLK
  _37517_/CLK
  _37518_/CLK
  _37519_/CLK
  _37520_/CLK
  _37521_/CLK
  _37522_/CLK
  _37523_/CLK
  _37524_/CLK
  _37525_/CLK
  _37526_/CLK
  _37527_/CLK
  _37528_/CLK
  _37529_/CLK
  _37530_/CLK
  _37531_/CLK
  _37532_/CLK
  _37533_/CLK
  _37534_/CLK
  _37535_/CLK
  _37536_/CLK
  _37537_/CLK
  _37538_/CLK
  _37539_/CLK
  _37540_/CLK
  _37541_/CLK
  _37542_/CLK
  _37543_/CLK
  _37544_/CLK
  _37545_/CLK
  _37546_/CLK
  _37547_/CLK
  _37548_/CLK
  _37549_/CLK
  _37550_/CLK
  _37551_/CLK
  _37552_/CLK
  _37553_/CLK
  _37554_/CLK
  _37555_/CLK
  _37556_/CLK
  _37557_/CLK
  _37558_/CLK
  _37559_/CLK
  _37560_/CLK
  _37561_/CLK
  _37562_/CLK
  _37563_/CLK
  _37564_/CLK
  _37565_/CLK
  _37566_/CLK
  _37567_/CLK
  _37568_/CLK
  _37569_/CLK
  _37570_/CLK
  _37571_/CLK
  _37572_/CLK
  _37573_/CLK
  _37574_/CLK
  _37575_/CLK
  _37576_/CLK
  _37577_/CLK
  _37578_/CLK
  _37579_/CLK
  _37580_/CLK
  _37581_/CLK
  _37582_/CLK
  _37583_/CLK
  _37584_/CLK
  _37585_/CLK
  _37586_/CLK
  _37587_/CLK
  _37588_/CLK
  _37589_/CLK
  _37590_/CLK
  _37591_/CLK
  _37592_/CLK
  _37593_/CLK
  _37594_/CLK
  _37595_/CLK
  _37596_/CLK
  _37597_/CLK
  _37598_/CLK
  _37599_/CLK
  _37600_/CLK
  _37601_/CLK
  _37602_/CLK
  _37603_/CLK
  _37604_/CLK
  _37605_/CLK
  _37606_/CLK
  _37607_/CLK
  _37608_/CLK
  _37609_/CLK
  _37610_/CLK
  _37611_/CLK
  _37612_/CLK
  _37613_/CLK
  _37614_/CLK
  _37615_/CLK
  _37616_/CLK
  _37617_/CLK
  _37618_/CLK
  _37619_/CLK
  _37620_/CLK
  _37621_/CLK
  _37622_/CLK
  _37623_/CLK
  _37624_/CLK
  _37625_/CLK
  _37626_/CLK
  _37627_/CLK
  _37628_/CLK
  _37629_/CLK
  _37630_/CLK
  _37631_/CLK
  _37632_/CLK
  _37633_/CLK
  _37634_/CLK
  _37635_/CLK
  _37636_/CLK
  _37637_/CLK
  _37638_/CLK
  _37639_/CLK
  _37640_/CLK
  _37641_/CLK
  _37642_/CLK
  _37643_/CLK
  _37644_/CLK
  _37645_/CLK
  _37646_/CLK
  _37647_/CLK
  _37648_/CLK
  _37649_/CLK
  _37650_/CLK
  _37651_/CLK
  _37652_/CLK
  _37653_/CLK
  _37654_/CLK
  _37655_/CLK
  _37656_/CLK
  _37657_/CLK
  _37658_/CLK
  _37659_/CLK
  _37660_/CLK
  _37661_/CLK
  _37662_/CLK
  _37663_/CLK
  _37664_/CLK
  _37665_/CLK
  _37666_/CLK
  _37667_/CLK
  _37668_/CLK
  _37669_/CLK
  _37670_/CLK
  _37671_/CLK
  _37672_/CLK
  _37673_/CLK
  _37674_/CLK
  _37675_/CLK
  _37676_/CLK
  _37677_/CLK
  _37678_/CLK
  _37679_/CLK
  _37680_/CLK
  _37681_/CLK
  _37682_/CLK
  _37683_/CLK
  _37684_/CLK
  _37685_/CLK
  _37686_/CLK
  _37687_/CLK
  _37688_/CLK
  _37689_/CLK
  _37690_/CLK
  _37691_/CLK
  _37692_/CLK
  _37693_/CLK
  _37694_/CLK
  _37695_/CLK
  _37696_/CLK
  _37697_/CLK
  _37698_/CLK
  _37699_/CLK
  _37700_/CLK
  _37701_/CLK
  _37702_/CLK
  _37703_/CLK
  _37704_/CLK
  _37705_/CLK
  _37706_/CLK
  _37707_/CLK
  _37708_/CLK
  _37709_/CLK
  _37710_/CLK
  _37711_/CLK
  _37712_/CLK
  _37713_/CLK
  _37714_/CLK
  _37715_/CLK
  _37716_/CLK
  _37717_/CLK
  _37718_/CLK
  _37719_/CLK
  _37720_/CLK
  _37721_/CLK
  _37722_/CLK
  _37723_/CLK
  _37724_/CLK
  _37725_/CLK
  _37726_/CLK
  _37727_/CLK
  _37728_/CLK
  _37729_/CLK
  _37730_/CLK
  _37731_/CLK
  _37732_/CLK
  _37733_/CLK
  _37734_/CLK
  _37735_/CLK
  _37736_/CLK
  _37737_/CLK
  _37738_/CLK
  _37739_/CLK
  _37740_/CLK
  _37741_/CLK
  _37742_/CLK
  _37743_/CLK
  _37744_/CLK
  _37745_/CLK
  _37746_/CLK
  _37747_/CLK
  _37748_/CLK
  _37749_/CLK
  _37750_/CLK
  _37751_/CLK
  _37752_/CLK
  _37753_/CLK
  _37754_/CLK
  _37755_/CLK
  _37756_/CLK
  _37757_/CLK
  _37758_/CLK
  _37759_/CLK
  _37760_/CLK
  _37761_/CLK
  _37762_/CLK
  _37763_/CLK
  _37764_/CLK
  _37765_/CLK
  _37766_/CLK
  _37767_/CLK
  _37768_/CLK
  _37769_/CLK
  _37770_/CLK
  _37771_/CLK
  _37772_/CLK
  _37773_/CLK
  _37774_/CLK
  _37775_/CLK
  _37776_/CLK
  _37777_/CLK
  _37778_/CLK
  _37779_/CLK
  _37780_/CLK
  _37781_/CLK
  _37782_/CLK
  _37783_/CLK
  _37784_/CLK
  _37785_/CLK
  _37786_/CLK
  _37787_/CLK
  _37788_/CLK
  _37789_/CLK
  _37790_/CLK
  _37791_/CLK
  _37792_/CLK
  _37793_/CLK
  _37794_/CLK
  _37795_/CLK
  _37796_/CLK
  _37797_/CLK
  _37798_/CLK
  _37799_/CLK
  _37800_/CLK
  _37801_/CLK
  _37802_/CLK
  _37803_/CLK
  _37804_/CLK
  _37805_/CLK
  _37806_/CLK
  _37807_/CLK
  _37808_/CLK
  _37809_/CLK
  _37810_/CLK
  _37811_/CLK
  _37812_/CLK
  _37813_/CLK
  _37814_/CLK
  _37815_/CLK
  _37816_/CLK
  _37817_/CLK
  _37818_/CLK
  _37819_/CLK
  _37820_/CLK
  _37821_/CLK
  _37822_/CLK
  _37823_/CLK
  _37824_/CLK
  _37825_/CLK
  _37826_/CLK
  _37827_/CLK
  _37828_/CLK
  _37829_/CLK
  _37830_/CLK
  _37831_/CLK
  _37832_/CLK
  _37833_/CLK
  _37834_/CLK
  _37835_/CLK
  _37836_/CLK
  _37837_/CLK
  _37838_/CLK
  _37839_/CLK
  _37840_/CLK
  _37841_/CLK
  _37842_/CLK
  _37843_/CLK
  _37844_/CLK
  _37845_/CLK
  _37846_/CLK
  _37847_/CLK
  _37848_/CLK
  _37849_/CLK
  _37850_/CLK
  _37851_/CLK
  _37852_/CLK
  _37853_/CLK
  _37854_/CLK
  _37855_/CLK
  _37856_/CLK
  _37857_/CLK
  _37858_/CLK
  _37859_/CLK
  _37860_/CLK
  _37861_/CLK
  _37862_/CLK
  _37863_/CLK
  _37864_/CLK
  _37865_/CLK
  _37866_/CLK
  _37867_/CLK
  _37868_/CLK
  _37869_/CLK
  _37870_/CLK
  _37871_/CLK
  _37872_/CLK
  _37873_/CLK
  _37874_/CLK
  _37875_/CLK
  _37876_/CLK
  _37877_/CLK
  _37878_/CLK
  _37879_/CLK
  _37880_/CLK
  _37881_/CLK
  _37882_/CLK
  _37883_/CLK
  _37884_/CLK
  _37885_/CLK
  _37886_/CLK
  _37887_/CLK
  _37888_/CLK
  _37889_/CLK
  _37890_/CLK
  _37891_/CLK
  _37892_/CLK
  _37893_/CLK
  _37894_/CLK
  _37895_/CLK
  _37896_/CLK
  _37897_/CLK
  _37898_/CLK
  _37899_/CLK
  _37900_/CLK
  _37901_/CLK
  _37902_/CLK
  _37903_/CLK
  _37904_/CLK
  _37905_/CLK
  _37906_/CLK
  _37907_/CLK
  _37908_/CLK
  _37909_/CLK
  _37910_/CLK
  _37911_/CLK
  _37912_/CLK
  _37913_/CLK
  _37914_/CLK
  _37915_/CLK
  _37916_/CLK
  _37917_/CLK
  _37918_/CLK
  _37919_/CLK
  _37920_/CLK
  _37921_/CLK
  _37922_/CLK
  _37923_/CLK
  _37924_/CLK
  _37925_/CLK
  _37926_/CLK
  _37927_/CLK
  _37928_/CLK
  _37929_/CLK
  _37930_/CLK
  _37931_/CLK
  _37932_/CLK
  _37933_/CLK
  _37934_/CLK
  _37935_/CLK
  _37936_/CLK
  _37937_/CLK
  _37938_/CLK
  _37939_/CLK
  _37940_/CLK
  _37941_/CLK
  _37942_/CLK
  _37943_/CLK
  _37944_/CLK
  _37945_/CLK
  _37946_/CLK
  _37947_/CLK
  _37948_/CLK
  _37949_/CLK
  _37950_/CLK
  _37951_/CLK
  _37952_/CLK
  _37953_/CLK
  _37954_/CLK
  _37955_/CLK
  _37956_/CLK
  _37957_/CLK
  _37958_/CLK
  _37959_/CLK
  _37960_/CLK
  _37961_/CLK
  _37962_/CLK
  _37963_/CLK
  _37964_/CLK
  _37965_/CLK
  _37966_/CLK
  _37967_/CLK
  _37968_/CLK
  _37969_/CLK
  _37970_/CLK
  _37971_/CLK
  _37972_/CLK
  _37973_/CLK
  _37974_/CLK
  _37975_/CLK
  _37976_/CLK
  _37977_/CLK
  _37978_/CLK
  _37979_/CLK
  _37980_/CLK
  _37981_/CLK
  _37982_/CLK
  _37983_/CLK
  _37984_/CLK
  _37985_/CLK
  _37986_/CLK
  _37987_/CLK
  _37988_/CLK
  _37989_/CLK
  _37990_/CLK
  _37991_/CLK
  _37992_/CLK
  _37993_/CLK
  _37994_/CLK
  _37995_/CLK
  _37996_/CLK
  _37997_/CLK
  _37998_/CLK
  _37999_/CLK
  _38000_/CLK
Warning: There are 561 unconstrained endpoints.
  RDY_get_res
  RDY_put_A
  RDY_put_B
  get_res[0]
  get_res[10]
  get_res[11]
  get_res[12]
  get_res[13]
  get_res[14]
  get_res[15]
  get_res[16]
  get_res[17]
  get_res[18]
  get_res[19]
  get_res[1]
  get_res[20]
  get_res[21]
  get_res[22]
  get_res[23]
  get_res[24]
  get_res[25]
  get_res[26]
  get_res[27]
  get_res[28]
  get_res[29]
  get_res[2]
  get_res[30]
  get_res[31]
  get_res[32]
  get_res[33]
  get_res[34]
  get_res[35]
  get_res[36]
  get_res[37]
  get_res[38]
  get_res[39]
  get_res[3]
  get_res[40]
  get_res[41]
  get_res[42]
  get_res[43]
  get_res[44]
  get_res[45]
  get_res[46]
  get_res[47]
  get_res[48]
  get_res[49]
  get_res[4]
  get_res[50]
  get_res[51]
  get_res[52]
  get_res[53]
  get_res[54]
  get_res[55]
  get_res[56]
  get_res[57]
  get_res[58]
  get_res[59]
  get_res[5]
  get_res[60]
  get_res[61]
  get_res[62]
  get_res[63]
  get_res[6]
  get_res[7]
  get_res[8]
  get_res[9]
  _37507_/D
  _37508_/D
  _37509_/D
  _37510_/D
  _37511_/D
  _37512_/D
  _37513_/D
  _37514_/D
  _37515_/D
  _37516_/D
  _37517_/D
  _37518_/D
  _37519_/D
  _37520_/D
  _37521_/D
  _37522_/D
  _37523_/D
  _37524_/D
  _37525_/D
  _37526_/D
  _37527_/D
  _37528_/D
  _37529_/D
  _37530_/D
  _37531_/D
  _37532_/D
  _37533_/D
  _37534_/D
  _37535_/D
  _37536_/D
  _37537_/D
  _37538_/D
  _37539_/D
  _37540_/D
  _37541_/D
  _37542_/D
  _37543_/D
  _37544_/D
  _37545_/D
  _37546_/D
  _37547_/D
  _37548_/D
  _37549_/D
  _37550_/D
  _37551_/D
  _37552_/D
  _37553_/D
  _37554_/D
  _37555_/D
  _37556_/D
  _37557_/D
  _37558_/D
  _37559_/D
  _37560_/D
  _37561_/D
  _37562_/D
  _37563_/D
  _37564_/D
  _37565_/D
  _37566_/D
  _37567_/D
  _37568_/D
  _37569_/D
  _37570_/D
  _37571_/D
  _37572_/D
  _37573_/D
  _37574_/D
  _37575_/D
  _37576_/D
  _37577_/D
  _37578_/D
  _37579_/D
  _37580_/D
  _37581_/D
  _37582_/D
  _37583_/D
  _37584_/D
  _37585_/D
  _37586_/D
  _37587_/D
  _37588_/D
  _37589_/D
  _37590_/D
  _37591_/D
  _37592_/D
  _37593_/D
  _37594_/D
  _37595_/D
  _37596_/D
  _37597_/D
  _37598_/D
  _37599_/D
  _37600_/D
  _37601_/D
  _37602_/D
  _37603_/D
  _37604_/D
  _37605_/D
  _37606_/D
  _37607_/D
  _37608_/D
  _37609_/D
  _37610_/D
  _37611_/D
  _37612_/D
  _37613_/D
  _37614_/D
  _37615_/D
  _37616_/D
  _37617_/D
  _37618_/D
  _37619_/D
  _37620_/D
  _37621_/D
  _37622_/D
  _37623_/D
  _37624_/D
  _37625_/D
  _37626_/D
  _37627_/D
  _37628_/D
  _37629_/D
  _37630_/D
  _37631_/D
  _37632_/D
  _37633_/D
  _37634_/D
  _37635_/D
  _37636_/D
  _37637_/D
  _37638_/D
  _37639_/D
  _37640_/D
  _37641_/D
  _37642_/D
  _37643_/D
  _37644_/D
  _37645_/D
  _37646_/D
  _37647_/D
  _37648_/D
  _37649_/D
  _37650_/D
  _37651_/D
  _37652_/D
  _37653_/D
  _37654_/D
  _37655_/D
  _37656_/D
  _37657_/D
  _37658_/D
  _37659_/D
  _37660_/D
  _37661_/D
  _37662_/D
  _37663_/D
  _37664_/D
  _37665_/D
  _37666_/D
  _37667_/D
  _37668_/D
  _37669_/D
  _37670_/D
  _37671_/D
  _37672_/D
  _37673_/D
  _37674_/D
  _37675_/D
  _37676_/D
  _37677_/D
  _37678_/D
  _37679_/D
  _37680_/D
  _37681_/D
  _37682_/D
  _37683_/D
  _37684_/D
  _37685_/D
  _37686_/D
  _37687_/D
  _37688_/D
  _37689_/D
  _37690_/D
  _37691_/D
  _37692_/D
  _37693_/D
  _37694_/D
  _37695_/D
  _37696_/D
  _37697_/D
  _37698_/D
  _37699_/D
  _37700_/D
  _37701_/D
  _37702_/D
  _37703_/D
  _37704_/D
  _37705_/D
  _37706_/D
  _37707_/D
  _37708_/D
  _37709_/D
  _37710_/D
  _37711_/D
  _37712_/D
  _37713_/D
  _37714_/D
  _37715_/D
  _37716_/D
  _37717_/D
  _37718_/D
  _37719_/D
  _37720_/D
  _37721_/D
  _37722_/D
  _37723_/D
  _37724_/D
  _37725_/D
  _37726_/D
  _37727_/D
  _37728_/D
  _37729_/D
  _37730_/D
  _37731_/D
  _37732_/D
  _37733_/D
  _37734_/D
  _37735_/D
  _37736_/D
  _37737_/D
  _37738_/D
  _37739_/D
  _37740_/D
  _37741_/D
  _37742_/D
  _37743_/D
  _37744_/D
  _37745_/D
  _37746_/D
  _37747_/D
  _37748_/D
  _37749_/D
  _37750_/D
  _37751_/D
  _37752_/D
  _37753_/D
  _37754_/D
  _37755_/D
  _37756_/D
  _37757_/D
  _37758_/D
  _37759_/D
  _37760_/D
  _37761_/D
  _37762_/D
  _37763_/D
  _37764_/D
  _37765_/D
  _37766_/D
  _37767_/D
  _37768_/D
  _37769_/D
  _37770_/D
  _37771_/D
  _37772_/D
  _37773_/D
  _37774_/D
  _37775_/D
  _37776_/D
  _37777_/D
  _37778_/D
  _37779_/D
  _37780_/D
  _37781_/D
  _37782_/D
  _37783_/D
  _37784_/D
  _37785_/D
  _37786_/D
  _37787_/D
  _37788_/D
  _37789_/D
  _37790_/D
  _37791_/D
  _37792_/D
  _37793_/D
  _37794_/D
  _37795_/D
  _37796_/D
  _37797_/D
  _37798_/D
  _37799_/D
  _37800_/D
  _37801_/D
  _37802_/D
  _37803_/D
  _37804_/D
  _37805_/D
  _37806_/D
  _37807_/D
  _37808_/D
  _37809_/D
  _37810_/D
  _37811_/D
  _37812_/D
  _37813_/D
  _37814_/D
  _37815_/D
  _37816_/D
  _37817_/D
  _37818_/D
  _37819_/D
  _37820_/D
  _37821_/D
  _37822_/D
  _37823_/D
  _37824_/D
  _37825_/D
  _37826_/D
  _37827_/D
  _37828_/D
  _37829_/D
  _37830_/D
  _37831_/D
  _37832_/D
  _37833_/D
  _37834_/D
  _37835_/D
  _37836_/D
  _37837_/D
  _37838_/D
  _37839_/D
  _37840_/D
  _37841_/D
  _37842_/D
  _37843_/D
  _37844_/D
  _37845_/D
  _37846_/D
  _37847_/D
  _37848_/D
  _37849_/D
  _37850_/D
  _37851_/D
  _37852_/D
  _37853_/D
  _37854_/D
  _37855_/D
  _37856_/D
  _37857_/D
  _37858_/D
  _37859_/D
  _37860_/D
  _37861_/D
  _37862_/D
  _37863_/D
  _37864_/D
  _37865_/D
  _37866_/D
  _37867_/D
  _37868_/D
  _37869_/D
  _37870_/D
  _37871_/D
  _37872_/D
  _37873_/D
  _37874_/D
  _37875_/D
  _37876_/D
  _37877_/D
  _37878_/D
  _37879_/D
  _37880_/D
  _37881_/D
  _37882_/D
  _37883_/D
  _37884_/D
  _37885_/D
  _37886_/D
  _37887_/D
  _37888_/D
  _37889_/D
  _37890_/D
  _37891_/D
  _37892_/D
  _37893_/D
  _37894_/D
  _37895_/D
  _37896_/D
  _37897_/D
  _37898_/D
  _37899_/D
  _37900_/D
  _37901_/D
  _37902_/D
  _37903_/D
  _37904_/D
  _37905_/D
  _37906_/D
  _37907_/D
  _37908_/D
  _37909_/D
  _37910_/D
  _37911_/D
  _37912_/D
  _37913_/D
  _37914_/D
  _37915_/D
  _37916_/D
  _37917_/D
  _37918_/D
  _37919_/D
  _37920_/D
  _37921_/D
  _37922_/D
  _37923_/D
  _37924_/D
  _37925_/D
  _37926_/D
  _37927_/D
  _37928_/D
  _37929_/D
  _37930_/D
  _37931_/D
  _37932_/D
  _37933_/D
  _37934_/D
  _37935_/D
  _37936_/D
  _37937_/D
  _37938_/D
  _37939_/D
  _37940_/D
  _37941_/D
  _37942_/D
  _37943_/D
  _37944_/D
  _37945_/D
  _37946_/D
  _37947_/D
  _37948_/D
  _37949_/D
  _37950_/D
  _37951_/D
  _37952_/D
  _37953_/D
  _37954_/D
  _37955_/D
  _37956_/D
  _37957_/D
  _37958_/D
  _37959_/D
  _37960_/D
  _37961_/D
  _37962_/D
  _37963_/D
  _37964_/D
  _37965_/D
  _37966_/D
  _37967_/D
  _37968_/D
  _37969_/D
  _37970_/D
  _37971_/D
  _37972_/D
  _37973_/D
  _37974_/D
  _37975_/D
  _37976_/D
  _37977_/D
  _37978_/D
  _37979_/D
  _37980_/D
  _37981_/D
  _37982_/D
  _37983_/D
  _37984_/D
  _37985_/D
  _37986_/D
  _37987_/D
  _37988_/D
  _37989_/D
  _37990_/D
  _37991_/D
  _37992_/D
  _37993_/D
  _37994_/D
  _37995_/D
  _37996_/D
  _37997_/D
  _37998_/D
  _37999_/D
  _38000_/D
